// Jest Snapshot v1, https://goo.gl/fbAQLP

exports[`Page renders a header, photos grid and main panel 1`] = `
<div>
  <header
    id="titleBar"
  >
    <h1>
      Yore
    </h1>
    <div
      id="paths"
    >
      <div>
        Photos path: 
        
      </div>
      <div>
        Location history path: 
        
      </div>
    </div>
    <div>
      <div>
        <button
          onClick={[Function]}
        >
          Select Root Path
        </button>
        <label
          htmlFor="suggestionsCheckbox"
        >
          <input
            checked={false}
            id="suggestionsCheckbox"
            onChange={[Function]}
            type="checkbox"
          />
          Show only photos with suggestions
        </label>
      </div>
      <div>
        <button
          onClick={[Function]}
        >
          Select Location History
        </button>
        <label
          htmlFor="interpolateCheckbox"
        >
          <input
            checked={false}
            id="interpolateCheckbox"
            onChange={[Function]}
            type="checkbox"
          />
          Interpolate locations
        </label>
      </div>
    </div>
  </header>
  <div>
    <PhotosGrid
      currentPhoto={undefined}
      getAndStoreLocations={[Function]}
      handlePhotoSelect={[Function]}
      photos={
        Array [
          Object {
            "height": 5,
            "loaded": false,
            "path": "path 1",
            "src": "source 1",
            "width": 10,
          },
          Object {
            "height": 5,
            "loaded": true,
            "location": Object {
              "Suggested": Array [
                Object {
                  "latitude": 52,
                  "longitude": 13.2,
                },
                Object {
                  "meters": 5,
                  "seconds": 20,
                },
              ],
            },
            "path": "path 2",
            "src": "source 2",
            "width": 10,
          },
        ]
      }
    />
    <MainPanel
      handleSuggestionApply={[Function]}
      handleSuggestionDiscard={[Function]}
      photo={undefined}
    />
  </div>
</div>
`;
